// Jest Snapshot v1, https://goo.gl/fbAQLP

exports[`snapshot 1`] = `
<DocumentFragment>
  <div>
    <form>
      <input
        placeholder="Enter search term.."
        value=""
      />
      <button>
        Submit
      </button>
    </form>
    <p>
      Sorry, no results were found!
    </p>
  </div>
</DocumentFragment>
`;
